// Jest Snapshot v1, https://goo.gl/fbAQLP

exports[`Rating should match snapshot 1`] = `
<t-rating>
  <mock:shadow-root>
    <div class="rating__container">
      <div class="rating__item--undefined"></div>
      <div class="rating__item--undefined"></div>
      <div class="rating__item--undefined"></div>
      <div class="rating__item--undefined"></div>
      <div class="rating__item--undefined"></div>
    </div>
  </mock:shadow-root>
  /t-rating&gt;
</t-rating>
`;
