// Jest Snapshot v1, https://goo.gl/fbAQLP

exports[`Input Group should match snapshot 1`] = `
<t-input-group>
  <mock:shadow-root>
    <div class="input-group">
      <slot></slot>
    </div>
  </mock:shadow-root>
  Label
</t-input-group>
`;
