// Jest Snapshot v1, https://goo.gl/fbAQLP

exports[`Slider should match snapshot 1`] = `
<t-slider>
  Label
  <div class="slider">
    <input class="slider__input" max="100" min="0" step="1" type="range" value="0">
  </div>
</t-slider>
`;
