// Jest Snapshot v1, https://goo.gl/fbAQLP

exports[`BackToTop should match snapshot 1`] = `
<t-back-to-top>
  <mock:shadow-root>
    <div class="back-to-top__container">
      â¬†
    </div>
  </mock:shadow-root>
</t-back-to-top>
`;
