// Jest Snapshot v1, https://goo.gl/fbAQLP

exports[`Button should match snapshot 1`] = `
<t-button>
  <mock:shadow-root>
    <style>
      .button-0-0-2 {
  color: #333;
  border: 1px solid #000;
  cursor: pointer;
  display: inline-flex;
  padding: 0.25rem 1rem;
  position: relative;
  font-size: 1rem;
  background: #fff;
  text-align: center;
  transition: all 0.2s ease-in-out;
  align-items: center;
  flex-shrink: 0;
  line-height: 2rem;
  user-select: none;
  border-radius: 4px;
  vertical-align: middle;
  justify-content: center;
}
.button-0-0-2:hover, .button-0-0-2.active {
  color: #fff;
  background: #000;
  transition: all 0.2s ease-in-out;
  border-color: #000;
  text-decoration: none;
}
.button-0-0-2:not(.tabbing):focus {
  outline: 0;
}
.button-0-0-2--disabled, .button-0-0-2--disabled:hover {
  color: #000;
  border: 1px solid #000;
  cursor: not-allowed;
  opacity: 0.5;
  background: #fff;
}
    </style>
    <button class="button-0-0-2">
      <slot></slot>
    </button>
  </mock:shadow-root>
  Label
</t-button>
`;
