// Jest Snapshot v1, https://goo.gl/fbAQLP

exports[`Tooltip should match snapshot 1`] = `
<t-tooltip>
  <mock:shadow-root>
    <span class="tooltip tooltip--placement-auto">
      <slot></slot>
    </span>
  </mock:shadow-root>
  Tooltip
</t-tooltip>
`;
