// Jest Snapshot v1, https://goo.gl/fbAQLP

exports[`Icon should match snapshot 1`] = `
<t-icon path="d 10 10">
  Label
  <style>
    .icon-0-0-2 {
  background: red;
}
  </style>
  <svg class="icon-0-0-2" height="24" viewBox="0 0 26 26" width="24">
    <path d="d 10 10" fill="transparent" stroke="black"></path>
  </svg>
</t-icon>
`;
